---
source: crates/firma/../../tests/e2e/audit.rs
expression: self
---
FirmaAuditTrail(
    {
        AuditEvent {
            action: "code.read",
            resource: "api.github.com/repos/openai/plugins",
            decision: Allow,
            deny_reason: "",
            dispatch_status: 200,
        },
        AuditEvent {
            action: "code.read",
            resource: "api.github.com/repos/openai/plugins/git/ref/heads/main",
            decision: Allow,
            deny_reason: "",
            dispatch_status: 200,
        },
        AuditEvent {
            action: "code.write",
            resource: "github.com/",
            decision: Allow,
            deny_reason: "",
            dispatch_status: 200,
        },
        AuditEvent {
            action: "network.loopback",
            resource: "tcp://127.0.0.1:<tcp-port>",
            decision: Deny,
            deny_reason: "loopback blocked",
            dispatch_status: 0,
        },
    },
)
