---
source: crates/firma/../../tests/e2e/audit.rs
expression: self
---
FirmaAuditTrail(
    {
        AuditEvent {
            action: "raw.http.POST",
            resource: "127.0.0.1:<mock-port>/deny",
            decision: Deny,
            deny_reason: "token invalid: no capability token covers action 'communication.internal.send' on resource '127.0.0.1:<mock-port>/deny'",
            dispatch_status: 0,
        },
    },
)
