---
source: crates/firma/../../tests/e2e/audit.rs
expression: "&events"
---
[
  {
    "event_id": "[event_id]",
    "session_id": "[session_id]",
    "token_id": "[token_id]",
    "agent_id": "[agent_id]",
    "action": "communication.external.send",
    "resource": "ab.chatgpt.com/",
    "decision": 1,
    "deny_reason": "",
    "enforcement_latency_us": "[latency_us]",
    "context_hash": "[context_hash]",
    "bundle_version": "[bundle_version]",
    "timestamp": "[timestamp]",
    "dispatch_status": 200,
    "dispatch_latency_us": "[dispatch_latency_us]",
    "response_size": "[response_size]",
    "sandbox_id": "[sandbox_id]",
    "signature": "[signature]"
  },
  {
    "event_id": "[event_id]",
    "session_id": "[session_id]",
    "token_id": "[token_id]",
    "agent_id": "[agent_id]",
    "action": "communication.external.send",
    "resource": "chatgpt.com/",
    "decision": 1,
    "deny_reason": "",
    "enforcement_latency_us": "[latency_us]",
    "context_hash": "[context_hash]",
    "bundle_version": "[bundle_version]",
    "timestamp": "[timestamp]",
    "dispatch_status": 200,
    "dispatch_latency_us": "[dispatch_latency_us]",
    "response_size": "[response_size]",
    "sandbox_id": "[sandbox_id]",
    "signature": "[signature]"
  },
  {
    "event_id": "[event_id]",
    "session_id": "[session_id]",
    "token_id": "[token_id]",
    "agent_id": "[agent_id]",
    "action": "communication.external.send",
    "resource": "chatgpt.com/",
    "decision": 1,
    "deny_reason": "",
    "enforcement_latency_us": "[latency_us]",
    "context_hash": "[context_hash]",
    "bundle_version": "[bundle_version]",
    "timestamp": "[timestamp]",
    "dispatch_status": 200,
    "dispatch_latency_us": "[dispatch_latency_us]",
    "response_size": "[response_size]",
    "sandbox_id": "[sandbox_id]",
    "signature": "[signature]"
  },
  {
    "event_id": "[event_id]",
    "session_id": "[session_id]",
    "token_id": "[token_id]",
    "agent_id": "[agent_id]",
    "action": "communication.external.send",
    "resource": "chatgpt.com/",
    "decision": 1,
    "deny_reason": "",
    "enforcement_latency_us": "[latency_us]",
    "context_hash": "[context_hash]",
    "bundle_version": "[bundle_version]",
    "timestamp": "[timestamp]",
    "dispatch_status": 200,
    "dispatch_latency_us": "[dispatch_latency_us]",
    "response_size": "[response_size]",
    "sandbox_id": "[sandbox_id]",
    "signature": "[signature]"
  },
  {
    "event_id": "[event_id]",
    "session_id": "[session_id]",
    "token_id": "[token_id]",
    "agent_id": "[agent_id]",
    "action": "communication.external.send",
    "resource": "chatgpt.com/",
    "decision": 1,
    "deny_reason": "",
    "enforcement_latency_us": "[latency_us]",
    "context_hash": "[context_hash]",
    "bundle_version": "[bundle_version]",
    "timestamp": "[timestamp]",
    "dispatch_status": 200,
    "dispatch_latency_us": "[dispatch_latency_us]",
    "response_size": "[response_size]",
    "sandbox_id": "[sandbox_id]",
    "signature": "[signature]"
  },
  {
    "event_id": "[event_id]",
    "session_id": "[session_id]",
    "token_id": "[token_id]",
    "agent_id": "[agent_id]",
    "action": "communication.external.send",
    "resource": "chatgpt.com/",
    "decision": 1,
    "deny_reason": "",
    "enforcement_latency_us": "[latency_us]",
    "context_hash": "[context_hash]",
    "bundle_version": "[bundle_version]",
    "timestamp": "[timestamp]",
    "dispatch_status": 200,
    "dispatch_latency_us": "[dispatch_latency_us]",
    "response_size": "[response_size]",
    "sandbox_id": "[sandbox_id]",
    "signature": "[signature]"
  },
  {
    "event_id": "[event_id]",
    "session_id": "[session_id]",
    "token_id": "[token_id]",
    "agent_id": "[agent_id]",
    "action": "communication.external.send",
    "resource": "chatgpt.com/",
    "decision": 1,
    "deny_reason": "",
    "enforcement_latency_us": "[latency_us]",
    "context_hash": "[context_hash]",
    "bundle_version": "[bundle_version]",
    "timestamp": "[timestamp]",
    "dispatch_status": 200,
    "dispatch_latency_us": "[dispatch_latency_us]",
    "response_size": "[response_size]",
    "sandbox_id": "[sandbox_id]",
    "signature": "[signature]"
  },
  {
    "event_id": "[event_id]",
    "session_id": "[session_id]",
    "token_id": "[token_id]",
    "agent_id": "[agent_id]",
    "action": "communication.external.send",
    "resource": "chatgpt.com/",
    "decision": 1,
    "deny_reason": "",
    "enforcement_latency_us": "[latency_us]",
    "context_hash": "[context_hash]",
    "bundle_version": "[bundle_version]",
    "timestamp": "[timestamp]",
    "dispatch_status": 200,
    "dispatch_latency_us": "[dispatch_latency_us]",
    "response_size": "[response_size]",
    "sandbox_id": "[sandbox_id]",
    "signature": "[signature]"
  },
  {
    "event_id": "[event_id]",
    "session_id": "[session_id]",
    "token_id": "[token_id]",
    "agent_id": "[agent_id]",
    "action": "communication.external.send",
    "resource": "chatgpt.com/",
    "decision": 1,
    "deny_reason": "",
    "enforcement_latency_us": "[latency_us]",
    "context_hash": "[context_hash]",
    "bundle_version": "[bundle_version]",
    "timestamp": "[timestamp]",
    "dispatch_status": 200,
    "dispatch_latency_us": "[dispatch_latency_us]",
    "response_size": "[response_size]",
    "sandbox_id": "[sandbox_id]",
    "signature": "[signature]"
  },
  {
    "event_id": "[event_id]",
    "session_id": "[session_id]",
    "token_id": "[token_id]",
    "agent_id": "[agent_id]",
    "action": "communication.external.send",
    "resource": "chatgpt.com/",
    "decision": 1,
    "deny_reason": "",
    "enforcement_latency_us": "[latency_us]",
    "context_hash": "[context_hash]",
    "bundle_version": "[bundle_version]",
    "timestamp": "[timestamp]",
    "dispatch_status": 200,
    "dispatch_latency_us": "[dispatch_latency_us]",
    "response_size": "[response_size]",
    "sandbox_id": "[sandbox_id]",
    "signature": "[signature]"
  },
  {
    "event_id": "[event_id]",
    "session_id": "[session_id]",
    "token_id": "[token_id]",
    "agent_id": "[agent_id]",
    "action": "communication.external.send",
    "resource": "chatgpt.com/",
    "decision": 1,
    "deny_reason": "",
    "enforcement_latency_us": "[latency_us]",
    "context_hash": "[context_hash]",
    "bundle_version": "[bundle_version]",
    "timestamp": "[timestamp]",
    "dispatch_status": 200,
    "dispatch_latency_us": "[dispatch_latency_us]",
    "response_size": "[response_size]",
    "sandbox_id": "[sandbox_id]",
    "signature": "[signature]"
  },
  {
    "event_id": "[event_id]",
    "session_id": "[session_id]",
    "token_id": "[token_id]",
    "agent_id": "[agent_id]",
    "action": "communication.external.send",
    "resource": "chatgpt.com/",
    "decision": 1,
    "deny_reason": "",
    "enforcement_latency_us": "[latency_us]",
    "context_hash": "[context_hash]",
    "bundle_version": "[bundle_version]",
    "timestamp": "[timestamp]",
    "dispatch_status": 200,
    "dispatch_latency_us": "[dispatch_latency_us]",
    "response_size": "[response_size]",
    "sandbox_id": "[sandbox_id]",
    "signature": "[signature]"
  },
  {
    "event_id": "[event_id]",
    "session_id": "[session_id]",
    "token_id": "[token_id]",
    "agent_id": "[agent_id]",
    "action": "network.connect",
    "resource": "github.com/",
    "decision": 2,
    "deny_reason": "token invalid: no capability token covers action 'code.write' on resource 'github.com/'",
    "enforcement_latency_us": "[latency_us]",
    "context_hash": "[context_hash]",
    "bundle_version": "[bundle_version]",
    "timestamp": "[timestamp]",
    "dispatch_status": 0,
    "dispatch_latency_us": "[dispatch_latency_us]",
    "response_size": "[response_size]",
    "sandbox_id": "[sandbox_id]",
    "signature": "[signature]"
  },
  {
    "event_id": "[event_id]",
    "session_id": "[session_id]",
    "token_id": "[token_id]",
    "agent_id": "[agent_id]",
    "action": "raw.http.GET",
    "resource": "api.github.com/repos/openai/plugins",
    "decision": 2,
    "deny_reason": "token invalid: no capability token covers action 'code.read' on resource 'api.github.com/repos/openai/plugins'",
    "enforcement_latency_us": "[latency_us]",
    "context_hash": "[context_hash]",
    "bundle_version": "[bundle_version]",
    "timestamp": "[timestamp]",
    "dispatch_status": 0,
    "dispatch_latency_us": "[dispatch_latency_us]",
    "response_size": "[response_size]",
    "sandbox_id": "[sandbox_id]",
    "signature": "[signature]"
  }
]
