---
source: crates/firma/../../tests/e2e/audit.rs
expression: self
---
FirmaAuditTrail(
    {
        AuditEvent {
            action: "network.loopback",
            resource: "tcp://127.0.0.1:<tcp-port>",
            decision: Deny,
            deny_reason: "loopback blocked",
            dispatch_status: 0,
        },
    },
)
