---
source: crates/firma/../../tests/e2e/audit.rs
expression: self
---
FirmaAuditTrail(
    {
        AuditEvent {
            action: "code.read",
            resource: "api.github.com/repos/openai/plugins",
            decision: Allow,
            deny_reason: "",
            dispatch_status: 200,
        },
        AuditEvent {
            action: "code.read",
            resource: "api.github.com/repos/openai/plugins/git/ref/heads/main",
            decision: Allow,
            deny_reason: "",
            dispatch_status: 200,
        },
        AuditEvent {
            action: "code.write",
            resource: "github.com/",
            decision: Allow,
            deny_reason: "",
            dispatch_status: 200,
        },
        AuditEvent {
            action: "raw.http.POST",
            resource: "127.0.0.1:<mock-port>/deny",
            decision: Deny,
            deny_reason: "token invalid: no capability token covers action 'communication.internal.send' on resource '127.0.0.1:<mock-port>/deny'",
            dispatch_status: 0,
        },
    },
)
