---
source: crates/firma/../../tests/e2e/audit.rs
expression: self
---
FirmaAuditTrail(
    {
        AuditEvent {
            action: "repo.lifecycle",
            resource: "127.0.0.1:<mock-port>/allow",
            decision: Allow,
            deny_reason: "",
            dispatch_status: 200,
        },
    },
)
