---
source: crates/firma-secret-provider/tests/integration/registry.rs
expression: out
---
{"id":"abcd1234efgh5678ijkl9012mnop3456","title":"GitHub","vault":{"id":"qrstuv1234567890wxyz","name":"Employee"},"category":"LOGIN","urls":[{"primary":true,"href":"https://github.com/login"}],"fields":[{"id":"username","type":"STRING","label":"username","value":"[placeholder]"},{"id":"password","type":"CONCEALED","label":"token","value":"[placeholder]"}]}
