---
source: crates/firma-secret-provider/tests/integration/registry.rs
expression: out
---
{"id":"abcd1234efgh5678ijkl9012mnop3456","title":"GitHub","vault":{"id":"qrstuv1234567890wxyz","name":"Employee"},"category":"LOGIN","urls":[{"primary":true,"href":"https://github.com/login"}],"fields":[{"id":"cc-type","type":"CREDIT_CARD_TYPE","label":"card brand","value":"Visa"},{"id":"future-field","type":"PASSKEY","label":"passkey","value":"[placeholder]"}]}
