---
source: crates/firma-secret-provider/tests/integration/registry.rs
expression: out
---
{"DATABASE_URL":{"computed":"[placeholder]","note":"prod db","computedVisibility":"unmasked","computedValueType":"string"},"STRIPE_API_KEY":{"computed":"[placeholder]","note":"","computedVisibility":"masked","computedValueType":"string"}}
