---
source: crates/firma-secret-provider/tests/integration/registry.rs
expression: out
---
{"id":"5f0f4e6e-8c8b-4f9c-9f2f-b1a900f3c3d2","organizationId":"b8a9c1e2-3d4f-4a5b-8c6d-7e8f9a0b1c2d","projectId":"1a2b3c4d-5e6f-7a8b-9c0d-1e2f3a4b5c6d","key":"STRIPE_API_KEY","value":"[placeholder]","note":"","creationDate":"2026-02-03T14:05:11.000Z","revisionDate":"2026-02-03T14:05:11.000Z"}
