---
source: crates/firma/../../tests/live-agent/audit.rs
expression: self
---
FirmaAuditTrail(
    {
        AuditEvent {
            action: "network.connect",
            resource: "github.com/",
            decision: Deny,
            deny_reason: "token invalid: no capability token covers action 'code.write' on resource 'github.com/'",
            dispatch_status: 0,
        },
        AuditEvent {
            action: "raw.http.GET",
            resource: "api.github.com/repos/openai/plugins",
            decision: Deny,
            deny_reason: "token invalid: no capability token covers action 'code.read' on resource 'api.github.com/repos/openai/plugins'",
            dispatch_status: 0,
        },
        AuditEvent {
            action: "repo.lifecycle",
            resource: "127.0.0.1:<mock-port>/allow",
            decision: Allow,
            deny_reason: "",
            dispatch_status: 200,
        },
    },
)
